// Vitest Snapshot v1, https://vitest.dev/guide/snapshot.html

exports[`Address component > should render correctly 1`] = `
<DocumentFragment>
  <address>
    <a
      href="mailto:whitesgr03@gmail.com"
    >
      <span
        class="_icon_7e06e0 _email_0a131a"
      />
      <em>
        whitesgr03@gmail.com
      </em>
    </a>
  </address>
</DocumentFragment>
`;
