// Vitest Snapshot v1, https://vitest.dev/guide/snapshot.html

exports[`Footer component > should render correctly 1`] = `
<DocumentFragment>
  <div
    class="_contact_2b0bd8"
  >
    <h3>
      Contact
    </h3>
    <p>
      Please contact us, If you have any questions.
    </p>
    <div
      class="_container_2b0bd8"
    >
      <div>
        Address component
      </div>
    </div>
  </div>
</DocumentFragment>
`;
