// Vitest Snapshot v1, https://vitest.dev/guide/snapshot.html

exports[`Dropdown component > should render correctly 1`] = `
<DocumentFragment>
  <div
    class="_dropdown_341ed5"
  >
    <ul>
      <li>
        <div
          class="_colorThemeToggle_341ed5"
        >
          <span
            class="icon _sun_341ed5"
          />
          Light mode
          <button
            class="_switchWrap_341ed5"
          >
            <div
              class="_switch_341ed5"
            />
          </button>
        </div>
      </li>
      <li>
        <a
          href="/users/login"
        >
          <span
            class="icon _login_341ed5"
          />
          Login
        </a>
      </li>
    </ul>
  </div>
</DocumentFragment>
`;
