// Vitest Snapshot v1, https://vitest.dev/guide/snapshot.html

exports[`Header component > should render correctly 1`] = `
<DocumentFragment>
  <header
    class="_header_a9d33c"
  >
    <a
      class="_logo_a9d33c"
      href="/"
    >
      <h1>
        HeLog
      </h1>
    </a>
    <nav>
      <ul
        class="_list_a9d33c"
      >
        <li>
          <button
            class="_button_a9d33c"
          >
            <span
              class="icon _account_a9d33c"
            />
            Account
          </button>
        </li>
      </ul>
    </nav>
  </header>
</DocumentFragment>
`;
