// Vitest Snapshot v1, https://vitest.dev/guide/snapshot.html

exports[`Login component > should render correctly 1`] = `
<DocumentFragment>
  <div
    class="_login_b06c4f"
  >
    <h3
      class="title"
    >
      Sign In
    </h3>
    <div
      class="formWrap"
    >
      <form>
        <label
          for="email"
        >
          Email
        </label>
        <input
          id="email"
          name="email"
          type="email"
        />
        <label
          for="password"
        >
          Password
        </label>
        <input
          id="password"
          name="password"
          type="password"
        />
        <button
          class="submitBtn"
          type="submit"
        >
          Login
        </button>
      </form>
      <div
        class="_linkWrap_b06c4f"
      >
        <p>
          New to HeLog?
        </p>
        <a
          class="_link_b06c4f"
          href="/user/register"
        >
          Create an account
        </a>
      </div>
    </div>
  </div>
</DocumentFragment>
`;
